---
source: tests/integration/resize_stress_test.rs
expression: content.clone()
---

▗ ▗   ▖ ▖  Claude Code v2.1.23
           Opus 4.5 · Claude Team
  ▘▘ ▝▝    ~/git/simon/agent-session-recorder

❯ I need to splitup and refactor the native player into proper modules with bigger coverage also - this should be a tdd driven refactoring. while doing so lets get rid of the native asciicinema.rs player also!

⏺ Skill(roles)
  ⎿  Successfully loaded skill

⏺ Read 1 file (ctrl+o to expand)

⏺ I am the Orchestrator. Let me check for existing context before proceeding.

⏺ Bash(git branch --show-current)
  ⎿  main

⏺ Bash(git status --short)
  ⎿  (No content)

  Reading 1 file… (ctrl+o to expand)

✻ Gusting… (thinking)

─────────────────────────────────────────────────────────────────────────────────────────────────────────────────────────────────────────────────────────────────────────────────────────────────────────────────────────────────────────────────
❯
─────────────────────────────────────────────────────────────────────────────────────────────────────────────────────────────────────────────────────────────────────────────────────────────────────────────────────────────────────────────────
  esc to interrupt                                                                                                                                                                               Update available! Run: brew upgrade claude-code
