---
source: tests/integration/player_snapshot_test.rs
expression: output
---
Viewport: 40x10 at offset (0, 0)
Highlighted line: 2
Buffer size: 80x24
---
    Line 0                                  
    Line 1                                  
>>> Line 2 - highlighted                     <<<
    Line 3                                  
    Line 4
